// Jest Snapshot v1, https://goo.gl/fbAQLP

exports[`Home container Should render the container correctly 1`] = `
<div
  className="home"
>
  <div
    className="heading"
  >
    <Icon
      className="chart-icon"
      data-test="chartIcon"
      src="line-chart"
    />
    <div
      className="title"
    >
      Cotação de seguros
      <br />
      <small>
        Solução inovadora da líder de mercado
      </small>
    </div>
    <div
      className="container"
    >
      <Button
        className="testSearch default"
        data-test="testSearch"
        icon="arrow-right2"
        to="/search-cnpj"
      />
    </div>
  </div>
</div>
`;
