// Jest Snapshot v1, https://goo.gl/fbAQLP

exports[`App container Should render the container correctly 1`] = `
<BrowserRouter
  data-test="browserRouter"
>
  <Switch
    data-test="appWrapper"
  >
    <Route
      component={[Function]}
      data-test="homeRouter"
      exact={true}
      path="/"
    />
    <PrivateRoute
      component={[Function]}
      data-test="searchRouter"
      exact={true}
      path="/search-cnpj"
    />
  </Switch>
</BrowserRouter>
`;
