// Jest Snapshot v1, https://goo.gl/fbAQLP

exports[`InputText component Should render the component correctly 1`] = `
<div
  className="form-group"
  data-test="formGroup"
>
  <label
    data-test="formLabel"
  />
  <div
    className="input-group"
    data-test="inputGroup"
  >
    <t
      className="inputTest"
      data-test="inputText"
      onChange={[Function]}
      render={[Function]}
      value=""
    />
  </div>
</div>
`;
