// Jest Snapshot v1, https://goo.gl/fbAQLP

exports[`SearchCnpj container Should render the container correctly 1`] = `
<div
  className="search-cnpj"
>
  <div
    className="header"
  >
    <div
      className="heading"
    >
      <Icon
        className="chart-icon"
        data-test="chartIcon"
        src="line-chart"
      />
      <div
        className="title"
        data-test="title"
      >
        Nova Cotação 
        <small
          data-test="subtitle"
        >
          #980
        </small>
      </div>
    </div>
    <div
      className="avatar"
      data-test="avatar"
    />
  </div>
  <div
    className="step"
  >
    <div
      className="step-number"
      data-test="stepNumber"
    >
      1
    </div>
    Busca por CNPJ ou empresa
  </div>
  <SearchCnpjForm />
</div>
`;

exports[`SearchCnpj container Should render the form correctly 1`] = `
<form
  data-test="searchForm"
>
  <InputText
    autoComplete="off"
    className="input-cnpj"
    data-test="inputCnpj"
    id="cnpj"
    isValid=""
    label="CNPJ / Empresa"
    mask={
      Array [
        /\\\\d/,
        /\\\\d/,
        ".",
        /\\\\d/,
        /\\\\d/,
        /\\\\d/,
        ".",
        /\\\\d/,
        /\\\\d/,
        /\\\\d/,
        "/",
        /\\\\d/,
        /\\\\d/,
        /\\\\d/,
        /\\\\d/,
        "-",
        /\\\\d/,
        /\\\\d/,
      ]
    }
    name="cnpj"
    onChange={[Function]}
    placeholder="__.___.___/___-__"
  />
  <div
    className="container"
  >
    <Button
      className="default disabled"
      data-test="submitButton"
      icon="arrow-right2"
      to="#"
    >
      Ok
    </Button>
  </div>
</form>
`;
